// Jest Snapshot v1, https://goo.gl/fbAQLP

exports[`SectionCard SectionCard render 1`] = `
Object {
  "asFragment": [Function],
  "baseElement": <body>
    <div>
      <a
        class="root animate__animated animate__fadeIn"
        href="/armored-vehicles"
      >
        <div
          class="root white"
        />
        <div
          class="backgroundWrapper"
          style="background-image: url(/images/backgrounds/weapons/armored.jpg);"
        />
        <div
          class="contentWrapper"
        >
          <p
            class="title"
          >
            Бронетехника
          </p>
        </div>
      </a>
    </div>
  </body>,
  "container": <div>
    <a
      class="root animate__animated animate__fadeIn"
      href="/armored-vehicles"
    >
      <div
        class="root white"
      />
      <div
        class="backgroundWrapper"
        style="background-image: url(/images/backgrounds/weapons/armored.jpg);"
      />
      <div
        class="contentWrapper"
      >
        <p
          class="title"
        >
          Бронетехника
        </p>
      </div>
    </a>
  </div>,
  "debug": [Function],
  "findAllByAltText": [Function],
  "findAllByDisplayValue": [Function],
  "findAllByLabelText": [Function],
  "findAllByPlaceholderText": [Function],
  "findAllByRole": [Function],
  "findAllByTestId": [Function],
  "findAllByText": [Function],
  "findAllByTitle": [Function],
  "findByAltText": [Function],
  "findByDisplayValue": [Function],
  "findByLabelText": [Function],
  "findByPlaceholderText": [Function],
  "findByRole": [Function],
  "findByTestId": [Function],
  "findByText": [Function],
  "findByTitle": [Function],
  "getAllByAltText": [Function],
  "getAllByDisplayValue": [Function],
  "getAllByLabelText": [Function],
  "getAllByPlaceholderText": [Function],
  "getAllByRole": [Function],
  "getAllByTestId": [Function],
  "getAllByText": [Function],
  "getAllByTitle": [Function],
  "getByAltText": [Function],
  "getByDisplayValue": [Function],
  "getByLabelText": [Function],
  "getByPlaceholderText": [Function],
  "getByRole": [Function],
  "getByTestId": [Function],
  "getByText": [Function],
  "getByTitle": [Function],
  "queryAllByAltText": [Function],
  "queryAllByDisplayValue": [Function],
  "queryAllByLabelText": [Function],
  "queryAllByPlaceholderText": [Function],
  "queryAllByRole": [Function],
  "queryAllByTestId": [Function],
  "queryAllByText": [Function],
  "queryAllByTitle": [Function],
  "queryByAltText": [Function],
  "queryByDisplayValue": [Function],
  "queryByLabelText": [Function],
  "queryByPlaceholderText": [Function],
  "queryByRole": [Function],
  "queryByTestId": [Function],
  "queryByText": [Function],
  "queryByTitle": [Function],
  "rerender": [Function],
  "unmount": [Function],
}
`;
